Archive member included to satisfy reference by file (symbol)

d:/my downloads/applications/stm32cubeide_1.3.0/stm32cubeide/plugins/com.st.stm32cube.ide.mcu.externaltools.gnu-tools-for-stm32.7-2018-q2-update.win32_1.4.0.202007081208/tools/bin/../lib/gcc/arm-none-eabi/7.3.1/../../../../arm-none-eabi/lib/thumb/v6-m\libc_nano.a(lib_a-errno.o)
                              Core/Src/syscalls.o (__errno)
d:/my downloads/applications/stm32cubeide_1.3.0/stm32cubeide/plugins/com.st.stm32cube.ide.mcu.externaltools.gnu-tools-for-stm32.7-2018-q2-update.win32_1.4.0.202007081208/tools/bin/../lib/gcc/arm-none-eabi/7.3.1/../../../../arm-none-eabi/lib/thumb/v6-m\libc_nano.a(lib_a-exit.o)
                              d:/my downloads/applications/stm32cubeide_1.3.0/stm32cubeide/plugins/com.st.stm32cube.ide.mcu.externaltools.gnu-tools-for-stm32.7-2018-q2-update.win32_1.4.0.202007081208/tools/bin/../lib/gcc/arm-none-eabi/7.3.1/../../../../arm-none-eabi/lib/thumb/v6-m/crt0.o (exit)
d:/my downloads/applications/stm32cubeide_1.3.0/stm32cubeide/plugins/com.st.stm32cube.ide.mcu.externaltools.gnu-tools-for-stm32.7-2018-q2-update.win32_1.4.0.202007081208/tools/bin/../lib/gcc/arm-none-eabi/7.3.1/../../../../arm-none-eabi/lib/thumb/v6-m\libc_nano.a(lib_a-impure.o)
                              d:/my downloads/applications/stm32cubeide_1.3.0/stm32cubeide/plugins/com.st.stm32cube.ide.mcu.externaltools.gnu-tools-for-stm32.7-2018-q2-update.win32_1.4.0.202007081208/tools/bin/../lib/gcc/arm-none-eabi/7.3.1/../../../../arm-none-eabi/lib/thumb/v6-m\libc_nano.a(lib_a-exit.o) (_global_impure_ptr)
d:/my downloads/applications/stm32cubeide_1.3.0/stm32cubeide/plugins/com.st.stm32cube.ide.mcu.externaltools.gnu-tools-for-stm32.7-2018-q2-update.win32_1.4.0.202007081208/tools/bin/../lib/gcc/arm-none-eabi/7.3.1/../../../../arm-none-eabi/lib/thumb/v6-m\libc_nano.a(lib_a-init.o)
                              d:/my downloads/applications/stm32cubeide_1.3.0/stm32cubeide/plugins/com.st.stm32cube.ide.mcu.externaltools.gnu-tools-for-stm32.7-2018-q2-update.win32_1.4.0.202007081208/tools/bin/../lib/gcc/arm-none-eabi/7.3.1/../../../../arm-none-eabi/lib/thumb/v6-m/crt0.o (__libc_init_array)
d:/my downloads/applications/stm32cubeide_1.3.0/stm32cubeide/plugins/com.st.stm32cube.ide.mcu.externaltools.gnu-tools-for-stm32.7-2018-q2-update.win32_1.4.0.202007081208/tools/bin/../lib/gcc/arm-none-eabi/7.3.1/../../../../arm-none-eabi/lib/thumb/v6-m\libc_nano.a(lib_a-memset.o)
                              d:/my downloads/applications/stm32cubeide_1.3.0/stm32cubeide/plugins/com.st.stm32cube.ide.mcu.externaltools.gnu-tools-for-stm32.7-2018-q2-update.win32_1.4.0.202007081208/tools/bin/../lib/gcc/arm-none-eabi/7.3.1/../../../../arm-none-eabi/lib/thumb/v6-m/crt0.o (memset)
d:/my downloads/applications/stm32cubeide_1.3.0/stm32cubeide/plugins/com.st.stm32cube.ide.mcu.externaltools.gnu-tools-for-stm32.7-2018-q2-update.win32_1.4.0.202007081208/tools/bin/../lib/gcc/arm-none-eabi/7.3.1/thumb/v6-m\libgcc.a(_udivsi3.o)
                              Core/Src/system_stm32f0xx.o (__aeabi_uidiv)
d:/my downloads/applications/stm32cubeide_1.3.0/stm32cubeide/plugins/com.st.stm32cube.ide.mcu.externaltools.gnu-tools-for-stm32.7-2018-q2-update.win32_1.4.0.202007081208/tools/bin/../lib/gcc/arm-none-eabi/7.3.1/thumb/v6-m\libgcc.a(_dvmd_tls.o)
                              d:/my downloads/applications/stm32cubeide_1.3.0/stm32cubeide/plugins/com.st.stm32cube.ide.mcu.externaltools.gnu-tools-for-stm32.7-2018-q2-update.win32_1.4.0.202007081208/tools/bin/../lib/gcc/arm-none-eabi/7.3.1/thumb/v6-m\libgcc.a(_udivsi3.o) (__aeabi_idiv0)

Allocating common symbols
Common symbol       size              file

output_msg          0x64              Core/Src/main.o
uwTick              0x4               Drivers/STM32F0xx_HAL_Driver/Src/stm32f0xx_hal.o
pFlash              0x20              Drivers/STM32F0xx_HAL_Driver/Src/stm32f0xx_hal_flash.o
measurementADC0     0x20              Core/Src/main.o
measurementADC1     0x20              Core/Src/main.o
hadc                0x40              Core/Src/main.o

Discarded input sections

 .text          0x0000000000000000        0x0 d:/my downloads/applications/stm32cubeide_1.3.0/stm32cubeide/plugins/com.st.stm32cube.ide.mcu.externaltools.gnu-tools-for-stm32.7-2018-q2-update.win32_1.4.0.202007081208/tools/bin/../lib/gcc/arm-none-eabi/7.3.1/thumb/v6-m/crti.o
 .data          0x0000000000000000        0x0 d:/my downloads/applications/stm32cubeide_1.3.0/stm32cubeide/plugins/com.st.stm32cube.ide.mcu.externaltools.gnu-tools-for-stm32.7-2018-q2-update.win32_1.4.0.202007081208/tools/bin/../lib/gcc/arm-none-eabi/7.3.1/thumb/v6-m/crti.o
 .bss           0x0000000000000000        0x0 d:/my downloads/applications/stm32cubeide_1.3.0/stm32cubeide/plugins/com.st.stm32cube.ide.mcu.externaltools.gnu-tools-for-stm32.7-2018-q2-update.win32_1.4.0.202007081208/tools/bin/../lib/gcc/arm-none-eabi/7.3.1/thumb/v6-m/crti.o
[...]
Memory Configuration

Name             Origin             Length             Attributes
RAM              0x0000000020000000 0x0000000000002000 xrw
FLASH            0x0000000008000000 0x0000000000010000 xr
*default*        0x0000000000000000 0xffffffffffffffff

Linker script and memory map

LOAD d:/my downloads/applications/stm32cubeide_1.3.0/stm32cubeide/plugins/com.st.stm32cube.ide.mcu.externaltools.gnu-tools-for-stm32.7-2018-q2-update.win32_1.4.0.202007081208/tools/bin/../lib/gcc/arm-none-eabi/7.3.1/thumb/v6-m/crti.o
LOAD d:/my downloads/applications/stm32cubeide_1.3.0/stm32cubeide/plugins/com.st.stm32cube.ide.mcu.externaltools.gnu-tools-for-stm32.7-2018-q2-update.win32_1.4.0.202007081208/tools/bin/../lib/gcc/arm-none-eabi/7.3.1/thumb/v6-m/crtbegin.o
LOAD d:/my downloads/applications/stm32cubeide_1.3.0/stm32cubeide/plugins/com.st.stm32cube.ide.mcu.externaltools.gnu-tools-for-stm32.7-2018-q2-update.win32_1.4.0.202007081208/tools/bin/../lib/gcc/arm-none-eabi/7.3.1/../../../../arm-none-eabi/lib/thumb/v6-m/crt0.o
LOAD Core/Src/main.o
LOAD Core/Src/stm32f0xx_hal_msp.o
LOAD Core/Src/stm32f0xx_it.o
LOAD Core/Src/syscalls.o
LOAD Core/Src/sysmem.o
LOAD Core/Src/system_stm32f0xx.o
LOAD Core/Startup/startup_stm32f051r8tx.o
LOAD Drivers/STM32F0xx_HAL_Driver/Src/stm32f0xx_hal.o
LOAD Drivers/STM32F0xx_HAL_Driver/Src/stm32f0xx_hal_adc.o
LOAD Drivers/STM32F0xx_HAL_Driver/Src/stm32f0xx_hal_adc_ex.o
LOAD Drivers/STM32F0xx_HAL_Driver/Src/stm32f0xx_hal_cortex.o
LOAD Drivers/STM32F0xx_HAL_Driver/Src/stm32f0xx_hal_dma.o
LOAD Drivers/STM32F0xx_HAL_Driver/Src/stm32f0xx_hal_exti.o
LOAD Drivers/STM32F0xx_HAL_Driver/Src/stm32f0xx_hal_flash.o
LOAD Drivers/STM32F0xx_HAL_Driver/Src/stm32f0xx_hal_flash_ex.o
LOAD Drivers/STM32F0xx_HAL_Driver/Src/stm32f0xx_hal_gpio.o
LOAD Drivers/STM32F0xx_HAL_Driver/Src/stm32f0xx_hal_i2c.o
LOAD Drivers/STM32F0xx_HAL_Driver/Src/stm32f0xx_hal_i2c_ex.o
LOAD Drivers/STM32F0xx_HAL_Driver/Src/stm32f0xx_hal_pwr.o
LOAD Drivers/STM32F0xx_HAL_Driver/Src/stm32f0xx_hal_pwr_ex.o
LOAD Drivers/STM32F0xx_HAL_Driver/Src/stm32f0xx_hal_rcc.o
LOAD Drivers/STM32F0xx_HAL_Driver/Src/stm32f0xx_hal_rcc_ex.o
LOAD Drivers/STM32F0xx_HAL_Driver/Src/stm32f0xx_hal_tim.o
LOAD Drivers/STM32F0xx_HAL_Driver/Src/stm32f0xx_hal_tim_ex.o
START GROUP
LOAD d:/my downloads/applications/stm32cubeide_1.3.0/stm32cubeide/plugins/com.st.stm32cube.ide.mcu.externaltools.gnu-tools-for-stm32.7-2018-q2-update.win32_1.4.0.202007081208/tools/bin/../lib/gcc/arm-none-eabi/7.3.1/../../../../arm-none-eabi/lib/thumb/v6-m\libc_nano.a
LOAD d:/my downloads/applications/stm32cubeide_1.3.0/stm32cubeide/plugins/com.st.stm32cube.ide.mcu.externaltools.gnu-tools-for-stm32.7-2018-q2-update.win32_1.4.0.202007081208/tools/bin/../lib/gcc/arm-none-eabi/7.3.1/../../../../arm-none-eabi/lib/thumb/v6-m\libm.a
END GROUP
START GROUP
LOAD d:/my downloads/applications/stm32cubeide_1.3.0/stm32cubeide/plugins/com.st.stm32cube.ide.mcu.externaltools.gnu-tools-for-stm32.7-2018-q2-update.win32_1.4.0.202007081208/tools/bin/../lib/gcc/arm-none-eabi/7.3.1/thumb/v6-m\libgcc.a
LOAD d:/my downloads/applications/stm32cubeide_1.3.0/stm32cubeide/plugins/com.st.stm32cube.ide.mcu.externaltools.gnu-tools-for-stm32.7-2018-q2-update.win32_1.4.0.202007081208/tools/bin/../lib/gcc/arm-none-eabi/7.3.1/../../../../arm-none-eabi/lib/thumb/v6-m\libc_nano.a
END GROUP
START GROUP
LOAD d:/my downloads/applications/stm32cubeide_1.3.0/stm32cubeide/plugins/com.st.stm32cube.ide.mcu.externaltools.gnu-tools-for-stm32.7-2018-q2-update.win32_1.4.0.202007081208/tools/bin/../lib/gcc/arm-none-eabi/7.3.1/thumb/v6-m\libgcc.a
LOAD d:/my downloads/applications/stm32cubeide_1.3.0/stm32cubeide/plugins/com.st.stm32cube.ide.mcu.externaltools.gnu-tools-for-stm32.7-2018-q2-update.win32_1.4.0.202007081208/tools/bin/../lib/gcc/arm-none-eabi/7.3.1/../../../../arm-none-eabi/lib/thumb/v6-m\libc_nano.a
LOAD d:/my downloads/applications/stm32cubeide_1.3.0/stm32cubeide/plugins/com.st.stm32cube.ide.mcu.externaltools.gnu-tools-for-stm32.7-2018-q2-update.win32_1.4.0.202007081208/tools/bin/../lib/gcc/arm-none-eabi/7.3.1/../../../../arm-none-eabi/lib/thumb/v6-m\libnosys.a
END GROUP
START GROUP
LOAD d:/my downloads/applications/stm32cubeide_1.3.0/stm32cubeide/plugins/com.st.stm32cube.ide.mcu.externaltools.gnu-tools-for-stm32.7-2018-q2-update.win32_1.4.0.202007081208/tools/bin/../lib/gcc/arm-none-eabi/7.3.1/thumb/v6-m\libgcc.a
LOAD d:/my downloads/applications/stm32cubeide_1.3.0/stm32cubeide/plugins/com.st.stm32cube.ide.mcu.externaltools.gnu-tools-for-stm32.7-2018-q2-update.win32_1.4.0.202007081208/tools/bin/../lib/gcc/arm-none-eabi/7.3.1/../../../../arm-none-eabi/lib/thumb/v6-m\libc_nano.a
LOAD d:/my downloads/applications/stm32cubeide_1.3.0/stm32cubeide/plugins/com.st.stm32cube.ide.mcu.externaltools.gnu-tools-for-stm32.7-2018-q2-update.win32_1.4.0.202007081208/tools/bin/../lib/gcc/arm-none-eabi/7.3.1/../../../../arm-none-eabi/lib/thumb/v6-m\libnosys.a
END GROUP
LOAD d:/my downloads/applications/stm32cubeide_1.3.0/stm32cubeide/plugins/com.st.stm32cube.ide.mcu.externaltools.gnu-tools-for-stm32.7-2018-q2-update.win32_1.4.0.202007081208/tools/bin/../lib/gcc/arm-none-eabi/7.3.1/thumb/v6-m/crtend.o
LOAD d:/my downloads/applications/stm32cubeide_1.3.0/stm32cubeide/plugins/com.st.stm32cube.ide.mcu.externaltools.gnu-tools-for-stm32.7-2018-q2-update.win32_1.4.0.202007081208/tools/bin/../lib/gcc/arm-none-eabi/7.3.1/thumb/v6-m/crtn.o
                0x0000000020002000                _estack = (ORIGIN (RAM) + LENGTH (RAM))
                0x0000000000000200                _Min_Heap_Size = 0x200
                0x0000000000000400                _Min_Stack_Size = 0x400

.isr_vector     0x0000000008000000       0xc0
                0x0000000008000000                . = ALIGN (0x4)
 *(.isr_vector)
 .isr_vector    0x0000000008000000       0xc0 Core/Startup/startup_stm32f051r8tx.o
                0x0000000008000000                g_pfnVectors
                0x00000000080000c0                . = ALIGN (0x4)

.text           0x00000000080000c0     0x1f00
                0x00000000080000c0                . = ALIGN (0x4)
 *(.text)
 .text          0x00000000080000c0       0x48 d:/my downloads/applications/stm32cubeide_1.3.0/stm32cubeide/plugins/com.st.stm32cube.ide.mcu.externaltools.gnu-tools-for-stm32.7-2018-q2-update.win32_1.4.0.202007081208/tools/bin/../lib/gcc/arm-none-eabi/7.3.1/thumb/v6-m/crtbegin.o
 .text          0x0000000008000108      0x114 d:/my downloads/applications/stm32cubeide_1.3.0/stm32cubeide/plugins/com.st.stm32cube.ide.mcu.externaltools.gnu-tools-for-stm32.7-2018-q2-update.win32_1.4.0.202007081208/tools/bin/../lib/gcc/arm-none-eabi/7.3.1/thumb/v6-m\libgcc.a(_udivsi3.o)
                0x0000000008000108                __aeabi_uidiv
                0x0000000008000108                __udivsi3
                0x0000000008000214                __aeabi_uidivmod
 .text          0x000000000800021c        0x4 d:/my downloads/applications/stm32cubeide_1.3.0/stm32cubeide/plugins/com.st.stm32cube.ide.mcu.externaltools.gnu-tools-for-stm32.7-2018-q2-update.win32_1.4.0.202007081208/tools/bin/../lib/gcc/arm-none-eabi/7.3.1/thumb/v6-m\libgcc.a(_dvmd_tls.o)
                0x000000000800021c                __aeabi_idiv0
                0x000000000800021c                __aeabi_ldiv0
 *(.text*)
 .text.main     0x0000000008000220       0x30 Core/Src/main.o
                0x0000000008000220                main
 .text.SystemClock_Config
                0x0000000008000250       0xa0 Core/Src/main.o
                0x0000000008000250                SystemClock_Config
 .text.MX_ADC_Init
                0x00000000080002f0       0xd0 Core/Src/main.o
 .text.MX_GPIO_Init
                0x00000000080003c0      0x110 Core/Src/main.o
 .text.measureTextile
                0x00000000080004d0      0x154 Core/Src/main.o
                0x00000000080004d0                measureTextile
 .text.Error_Handler
                0x0000000008000624        0xa Core/Src/main.o
                0x0000000008000624                Error_Handler
 *fill*         0x000000000800062e        0x2 
 .text.HAL_MspInit
                0x0000000008000630       0x48 Core/Src/stm32f0xx_hal_msp.o
                0x0000000008000630                HAL_MspInit
 .text.HAL_ADC_MspInit
                0x0000000008000678       0x8c Core/Src/stm32f0xx_hal_msp.o
                0x0000000008000678                HAL_ADC_MspInit
 .text.NMI_Handler
                0x0000000008000704        0xa Core/Src/stm32f0xx_it.o
                0x0000000008000704                NMI_Handler
 .text.HardFault_Handler
                0x000000000800070e        0x6 Core/Src/stm32f0xx_it.o
                0x000000000800070e                HardFault_Handler
 .text.SVC_Handler
                0x0000000008000714        0xa Core/Src/stm32f0xx_it.o
                0x0000000008000714                SVC_Handler
 .text.PendSV_Handler
                0x000000000800071e        0xa Core/Src/stm32f0xx_it.o
                0x000000000800071e                PendSV_Handler
 .text.SysTick_Handler
                0x0000000008000728        0xe Core/Src/stm32f0xx_it.o
                0x0000000008000728                SysTick_Handler
 .text.SystemInit
                0x0000000008000736        0xa Core/Src/system_stm32f0xx.o
                0x0000000008000736                SystemInit
 .text.Reset_Handler
                0x0000000008000740       0x50 Core/Startup/startup_stm32f051r8tx.o
                0x0000000008000740                Reset_Handler
 .text.Default_Handler
                0x0000000008000790        0x2 Core/Startup/startup_stm32f051r8tx.o
                0x0000000008000790                TIM1_CC_IRQHandler
                0x0000000008000790                TSC_IRQHandler
                0x0000000008000790                ADC1_COMP_IRQHandler
                0x0000000008000790                PVD_IRQHandler
                0x0000000008000790                I2C1_IRQHandler
                0x0000000008000790                RCC_CRS_IRQHandler
                0x0000000008000790                SPI1_IRQHandler
                0x0000000008000790                TIM6_DAC_IRQHandler
                0x0000000008000790                EXTI2_3_IRQHandler
                0x0000000008000790                I2C2_IRQHandler
                0x0000000008000790                TIM17_IRQHandler
                0x0000000008000790                CEC_CAN_IRQHandler
                0x0000000008000790                RTC_IRQHandler
                0x0000000008000790                TIM16_IRQHandler
                0x0000000008000790                TIM3_IRQHandler
                0x0000000008000790                EXTI4_15_IRQHandler
                0x0000000008000790                DMA1_Channel1_IRQHandler
                0x0000000008000790                Default_Handler
                0x0000000008000790                TIM14_IRQHandler
                0x0000000008000790                DMA1_Channel4_5_IRQHandler
                0x0000000008000790                TIM15_IRQHandler
                0x0000000008000790                EXTI0_1_IRQHandler
                0x0000000008000790                SPI2_IRQHandler
                0x0000000008000790                WWDG_IRQHandler
                0x0000000008000790                TIM2_IRQHandler
                0x0000000008000790                DMA1_Channel2_3_IRQHandler
                0x0000000008000790                USART2_IRQHandler
                0x0000000008000790                FLASH_IRQHandler
                0x0000000008000790                USART1_IRQHandler
                0x0000000008000790                TIM1_BRK_UP_TRG_COM_IRQHandler
 *fill*         0x0000000008000792        0x2 
 .text.HAL_Init
                0x0000000008000794       0x28 Drivers/STM32F0xx_HAL_Driver/Src/stm32f0xx_hal.o
                0x0000000008000794                HAL_Init
 .text.HAL_InitTick
                0x00000000080007bc       0x68 Drivers/STM32F0xx_HAL_Driver/Src/stm32f0xx_hal.o
                0x00000000080007bc                HAL_InitTick
 .text.HAL_IncTick
                0x0000000008000824       0x24 Drivers/STM32F0xx_HAL_Driver/Src/stm32f0xx_hal.o
                0x0000000008000824                HAL_IncTick
 .text.HAL_GetTick
                0x0000000008000848       0x14 Drivers/STM32F0xx_HAL_Driver/Src/stm32f0xx_hal.o
                0x0000000008000848                HAL_GetTick
 .text.HAL_Delay
                0x000000000800085c       0x44 Drivers/STM32F0xx_HAL_Driver/Src/stm32f0xx_hal.o
                0x000000000800085c                HAL_Delay
 .text.HAL_ADC_Init
                0x00000000080008a0      0x280 Drivers/STM32F0xx_HAL_Driver/Src/stm32f0xx_hal_adc.o
                0x00000000080008a0                HAL_ADC_Init
 .text.HAL_ADC_Start
                0x0000000008000b20       0xa8 Drivers/STM32F0xx_HAL_Driver/Src/stm32f0xx_hal_adc.o
                0x0000000008000b20                HAL_ADC_Start
 .text.HAL_ADC_Stop
                0x0000000008000bc8       0x80 Drivers/STM32F0xx_HAL_Driver/Src/stm32f0xx_hal_adc.o
                0x0000000008000bc8                HAL_ADC_Stop
 .text.HAL_ADC_PollForConversion
                0x0000000008000c48      0x124 Drivers/STM32F0xx_HAL_Driver/Src/stm32f0xx_hal_adc.o
                0x0000000008000c48                HAL_ADC_PollForConversion
 .text.HAL_ADC_GetValue
                0x0000000008000d6c       0x16 Drivers/STM32F0xx_HAL_Driver/Src/stm32f0xx_hal_adc.o
                0x0000000008000d6c                HAL_ADC_GetValue
 *fill*         0x0000000008000d82        0x2 
 .text.HAL_ADC_ConfigChannel
                0x0000000008000d84      0x21c Drivers/STM32F0xx_HAL_Driver/Src/stm32f0xx_hal_adc.o
                0x0000000008000d84                HAL_ADC_ConfigChannel
 .text.ADC_Enable
                0x0000000008000fa0       0xf8 Drivers/STM32F0xx_HAL_Driver/Src/stm32f0xx_hal_adc.o
 .text.ADC_Disable
                0x0000000008001098       0xd4 Drivers/STM32F0xx_HAL_Driver/Src/stm32f0xx_hal_adc.o
 .text.ADC_ConversionStop
                0x000000000800116c       0x8c Drivers/STM32F0xx_HAL_Driver/Src/stm32f0xx_hal_adc.o
 .text.__NVIC_SetPriority
                0x00000000080011f8       0xdc Drivers/STM32F0xx_HAL_Driver/Src/stm32f0xx_hal_cortex.o
 .text.SysTick_Config
                0x00000000080012d4       0x48 Drivers/STM32F0xx_HAL_Driver/Src/stm32f0xx_hal_cortex.o
 .text.HAL_NVIC_SetPriority
                0x000000000800131c       0x2a Drivers/STM32F0xx_HAL_Driver/Src/stm32f0xx_hal_cortex.o
                0x000000000800131c                HAL_NVIC_SetPriority
 .text.HAL_SYSTICK_Config
                0x0000000008001346       0x1a Drivers/STM32F0xx_HAL_Driver/Src/stm32f0xx_hal_cortex.o
                0x0000000008001346                HAL_SYSTICK_Config
 .text.HAL_GPIO_Init
                0x0000000008001360      0x2e0 Drivers/STM32F0xx_HAL_Driver/Src/stm32f0xx_hal_gpio.o
                0x0000000008001360                HAL_GPIO_Init
 .text.HAL_GPIO_ReadPin
                0x0000000008001640       0x3a Drivers/STM32F0xx_HAL_Driver/Src/stm32f0xx_hal_gpio.o
                0x0000000008001640                HAL_GPIO_ReadPin
 .text.HAL_GPIO_WritePin
                0x000000000800167a       0x3a Drivers/STM32F0xx_HAL_Driver/Src/stm32f0xx_hal_gpio.o
                0x000000000800167a                HAL_GPIO_WritePin
 .text.HAL_RCC_OscConfig
                0x00000000080016b4      0x638 Drivers/STM32F0xx_HAL_Driver/Src/stm32f0xx_hal_rcc.o
                0x00000000080016b4                HAL_RCC_OscConfig
 .text.HAL_RCC_ClockConfig
                0x0000000008001cec      0x19c Drivers/STM32F0xx_HAL_Driver/Src/stm32f0xx_hal_rcc.o
                0x0000000008001cec                HAL_RCC_ClockConfig
 .text.HAL_RCC_GetSysClockFreq
                0x0000000008001e88       0xc8 Drivers/STM32F0xx_HAL_Driver/Src/stm32f0xx_hal_rcc.o
                0x0000000008001e88                HAL_RCC_GetSysClockFreq
 .text.__libc_init_array
                0x0000000008001f50       0x48 d:/my downloads/applications/stm32cubeide_1.3.0/stm32cubeide/plugins/com.st.stm32cube.ide.mcu.externaltools.gnu-tools-for-stm32.7-2018-q2-update.win32_1.4.0.202007081208/tools/bin/../lib/gcc/arm-none-eabi/7.3.1/../../../../arm-none-eabi/lib/thumb/v6-m\libc_nano.a(lib_a-init.o)
                0x0000000008001f50                __libc_init_array
 .text.memset   0x0000000008001f98       0x10 d:/my downloads/applications/stm32cubeide_1.3.0/stm32cubeide/plugins/com.st.stm32cube.ide.mcu.externaltools.gnu-tools-for-stm32.7-2018-q2-update.win32_1.4.0.202007081208/tools/bin/../lib/gcc/arm-none-eabi/7.3.1/../../../../arm-none-eabi/lib/thumb/v6-m\libc_nano.a(lib_a-memset.o)
                0x0000000008001f98                memset
 *(.glue_7)
 .glue_7        0x0000000008001fa8        0x0 linker stubs
 *(.glue_7t)
 .glue_7t       0x0000000008001fa8        0x0 linker stubs
 *(.eh_frame)
 .eh_frame      0x0000000008001fa8        0x0 d:/my downloads/applications/stm32cubeide_1.3.0/stm32cubeide/plugins/com.st.stm32cube.ide.mcu.externaltools.gnu-tools-for-stm32.7-2018-q2-update.win32_1.4.0.202007081208/tools/bin/../lib/gcc/arm-none-eabi/7.3.1/thumb/v6-m/crtbegin.o
 *(.init)
 .init          0x0000000008001fa8        0x4 d:/my downloads/applications/stm32cubeide_1.3.0/stm32cubeide/plugins/com.st.stm32cube.ide.mcu.externaltools.gnu-tools-for-stm32.7-2018-q2-update.win32_1.4.0.202007081208/tools/bin/../lib/gcc/arm-none-eabi/7.3.1/thumb/v6-m/crti.o
                0x0000000008001fa8                _init
 .init          0x0000000008001fac        0x8 d:/my downloads/applications/stm32cubeide_1.3.0/stm32cubeide/plugins/com.st.stm32cube.ide.mcu.externaltools.gnu-tools-for-stm32.7-2018-q2-update.win32_1.4.0.202007081208/tools/bin/../lib/gcc/arm-none-eabi/7.3.1/thumb/v6-m/crtn.o
 *(.fini)
 .fini          0x0000000008001fb4        0x4 d:/my downloads/applications/stm32cubeide_1.3.0/stm32cubeide/plugins/com.st.stm32cube.ide.mcu.externaltools.gnu-tools-for-stm32.7-2018-q2-update.win32_1.4.0.202007081208/tools/bin/../lib/gcc/arm-none-eabi/7.3.1/thumb/v6-m/crti.o
                0x0000000008001fb4                _fini
 .fini          0x0000000008001fb8        0x8 d:/my downloads/applications/stm32cubeide_1.3.0/stm32cubeide/plugins/com.st.stm32cube.ide.mcu.externaltools.gnu-tools-for-stm32.7-2018-q2-update.win32_1.4.0.202007081208/tools/bin/../lib/gcc/arm-none-eabi/7.3.1/thumb/v6-m/crtn.o
                0x0000000008001fc0                . = ALIGN (0x4)
                0x0000000008001fc0                _etext = .

.vfp11_veneer   0x0000000008001fc0        0x0
 .vfp11_veneer  0x0000000008001fc0        0x0 linker stubs

.v4_bx          0x0000000008001fc0        0x0
 .v4_bx         0x0000000008001fc0        0x0 linker stubs

.iplt           0x0000000008001fc0        0x0
 .iplt          0x0000000008001fc0        0x0 d:/my downloads/applications/stm32cubeide_1.3.0/stm32cubeide/plugins/com.st.stm32cube.ide.mcu.externaltools.gnu-tools-for-stm32.7-2018-q2-update.win32_1.4.0.202007081208/tools/bin/../lib/gcc/arm-none-eabi/7.3.1/thumb/v6-m/crtbegin.o

.rodata         0x0000000008001fc0       0x30
                0x0000000008001fc0                . = ALIGN (0x4)
 *(.rodata)
 .rodata        0x0000000008001fc0       0x20 Drivers/STM32F0xx_HAL_Driver/Src/stm32f0xx_hal_rcc.o
 *(.rodata*)
 .rodata.AHBPrescTable
                0x0000000008001fe0       0x10 Core/Src/system_stm32f0xx.o
                0x0000000008001fe0                AHBPrescTable
                0x0000000008001ff0                . = ALIGN (0x4)

.rel.dyn        0x0000000008001ff0        0x0
 .rel.iplt      0x0000000008001ff0        0x0 d:/my downloads/applications/stm32cubeide_1.3.0/stm32cubeide/plugins/com.st.stm32cube.ide.mcu.externaltools.gnu-tools-for-stm32.7-2018-q2-update.win32_1.4.0.202007081208/tools/bin/../lib/gcc/arm-none-eabi/7.3.1/thumb/v6-m/crtbegin.o

.ARM.extab      0x0000000008001ff0        0x0
                0x0000000008001ff0                . = ALIGN (0x4)
 *(.ARM.extab* .gnu.linkonce.armextab.*)
                0x0000000008001ff0                . = ALIGN (0x4)

.ARM            0x0000000008001ff0        0x0
                0x0000000008001ff0                . = ALIGN (0x4)
                0x0000000008001ff0                __exidx_start = .
 *(.ARM.exidx*)
                0x0000000008001ff0                __exidx_end = .
                0x0000000008001ff0                . = ALIGN (0x4)

.preinit_array  0x0000000008001ff0        0x0
                0x0000000008001ff0                . = ALIGN (0x4)
                0x0000000008001ff0                PROVIDE (__preinit_array_start = .)
 *(.preinit_array*)
                0x0000000008001ff0                PROVIDE (__preinit_array_end = .)
                0x0000000008001ff0                . = ALIGN (0x4)

.init_array     0x0000000008001ff0        0x4
                0x0000000008001ff0                . = ALIGN (0x4)
                0x0000000008001ff0                PROVIDE (__init_array_start = .)
 *(SORT_BY_NAME(.init_array.*))
 *(.init_array*)
 .init_array    0x0000000008001ff0        0x4 d:/my downloads/applications/stm32cubeide_1.3.0/stm32cubeide/plugins/com.st.stm32cube.ide.mcu.externaltools.gnu-tools-for-stm32.7-2018-q2-update.win32_1.4.0.202007081208/tools/bin/../lib/gcc/arm-none-eabi/7.3.1/thumb/v6-m/crtbegin.o
                0x0000000008001ff4                PROVIDE (__init_array_end = .)
                0x0000000008001ff4                . = ALIGN (0x4)

.fini_array     0x0000000008001ff4        0x4
                0x0000000008001ff4                . = ALIGN (0x4)
                [!provide]                        PROVIDE (__fini_array_start = .)
 *(SORT_BY_NAME(.fini_array.*))
 *(.fini_array*)
 .fini_array    0x0000000008001ff4        0x4 d:/my downloads/applications/stm32cubeide_1.3.0/stm32cubeide/plugins/com.st.stm32cube.ide.mcu.externaltools.gnu-tools-for-stm32.7-2018-q2-update.win32_1.4.0.202007081208/tools/bin/../lib/gcc/arm-none-eabi/7.3.1/thumb/v6-m/crtbegin.o
                [!provide]                        PROVIDE (__fini_array_end = .)
                0x0000000008001ff8                . = ALIGN (0x4)
                0x0000000008001ff8                _sidata = LOADADDR (.data)

.data           0x0000000020000000       0x1c load address 0x0000000008001ff8
                0x0000000020000000                . = ALIGN (0x4)
                0x0000000020000000                _sdata = .
 *(.data)
 *(.data*)
 .data.LED_OUT  0x0000000020000000       0x10 Core/Src/main.o
                0x0000000020000000                LED_OUT
 .data.SystemCoreClock
                0x0000000020000010        0x4 Core/Src/system_stm32f0xx.o
                0x0000000020000010                SystemCoreClock
 .data.uwTickPrio
                0x0000000020000014        0x4 Drivers/STM32F0xx_HAL_Driver/Src/stm32f0xx_hal.o
                0x0000000020000014                uwTickPrio
 .data.uwTickFreq
                0x0000000020000018        0x1 Drivers/STM32F0xx_HAL_Driver/Src/stm32f0xx_hal.o
                0x0000000020000018                uwTickFreq
                0x000000002000001c                . = ALIGN (0x4)
 *fill*         0x0000000020000019        0x3 
                0x000000002000001c                _edata = .

.igot.plt       0x000000002000001c        0x0 load address 0x0000000008002014
 .igot.plt      0x000000002000001c        0x0 d:/my downloads/applications/stm32cubeide_1.3.0/stm32cubeide/plugins/com.st.stm32cube.ide.mcu.externaltools.gnu-tools-for-stm32.7-2018-q2-update.win32_1.4.0.202007081208/tools/bin/../lib/gcc/arm-none-eabi/7.3.1/thumb/v6-m/crtbegin.o
                0x000000002000001c                . = ALIGN (0x4)

.bss            0x000000002000001c      0x104 load address 0x0000000008002014
                0x000000002000001c                _sbss = .
                0x000000002000001c                __bss_start__ = _sbss
 *(.bss)
 .bss           0x000000002000001c       0x1c d:/my downloads/applications/stm32cubeide_1.3.0/stm32cubeide/plugins/com.st.stm32cube.ide.mcu.externaltools.gnu-tools-for-stm32.7-2018-q2-update.win32_1.4.0.202007081208/tools/bin/../lib/gcc/arm-none-eabi/7.3.1/thumb/v6-m/crtbegin.o
 *(.bss*)
 *(COMMON)
 COMMON         0x0000000020000038       0xe4 Core/Src/main.o
                0x0000000020000038                output_msg
                0x000000002000009c                measurementADC0
                0x00000000200000bc                measurementADC1
                0x00000000200000dc                hadc
 COMMON         0x000000002000011c        0x4 Drivers/STM32F0xx_HAL_Driver/Src/stm32f0xx_hal.o
                0x000000002000011c                uwTick
                0x0000000020000120                . = ALIGN (0x4)
                0x0000000020000120                _ebss = .
                0x0000000020000120                __bss_end__ = _ebss

._user_heap_stack
                0x0000000020000120      0x600 load address 0x0000000008002014
                0x0000000020000120                . = ALIGN (0x8)
                [!provide]                        PROVIDE (end = .)
                0x0000000020000120                PROVIDE (_end = .)
                0x0000000020000320                . = (. + _Min_Heap_Size)
 *fill*         0x0000000020000120      0x200 
                0x0000000020000720                . = (. + _Min_Stack_Size)
 *fill*         0x0000000020000320      0x400 
                0x0000000020000720                . = ALIGN (0x8)

/DISCARD/
 libc.a(*)
 libm.a(*)
 libgcc.a(*)

.ARM.attributes
                0x0000000000000000       0x28
 *(.ARM.attributes)
 .ARM.attributes
                0x0000000000000000       0x1e d:/my downloads/applications/stm32cubeide_1.3.0/stm32cubeide/plugins/com.st.stm32cube.ide.mcu.externaltools.gnu-tools-for-stm32.7-2018-q2-update.win32_1.4.0.202007081208/tools/bin/../lib/gcc/arm-none-eabi/7.3.1/thumb/v6-m/crti.o
 .ARM.attributes
                0x000000000000001e       0x2c d:/my downloads/applications/stm32cubeide_1.3.0/stm32cubeide/plugins/com.st.stm32cube.ide.mcu.externaltools.gnu-tools-for-stm32.7-2018-q2-update.win32_1.4.0.202007081208/tools/bin/../lib/gcc/arm-none-eabi/7.3.1/thumb/v6-m/crtbegin.o
 .ARM.attributes
                0x000000000000004a       0x31 Core/Src/main.o
 .ARM.attributes
                0x000000000000007b       0x31 Core/Src/stm32f0xx_hal_msp.o
 .ARM.attributes
                0x00000000000000ac       0x31 Core/Src/stm32f0xx_it.o
 .ARM.attributes
                0x00000000000000dd       0x31 Core/Src/system_stm32f0xx.o
 .ARM.attributes
                0x000000000000010e       0x21 Core/Startup/startup_stm32f051r8tx.o
 .ARM.attributes
                0x000000000000012f       0x31 Drivers/STM32F0xx_HAL_Driver/Src/stm32f0xx_hal.o
 .ARM.attributes
                0x0000000000000160       0x31 Drivers/STM32F0xx_HAL_Driver/Src/stm32f0xx_hal_adc.o
 .ARM.attributes
                0x0000000000000191       0x31 Drivers/STM32F0xx_HAL_Driver/Src/stm32f0xx_hal_cortex.o
 .ARM.attributes
                0x00000000000001c2       0x31 Drivers/STM32F0xx_HAL_Driver/Src/stm32f0xx_hal_gpio.o
 .ARM.attributes
                0x00000000000001f3       0x31 Drivers/STM32F0xx_HAL_Driver/Src/stm32f0xx_hal_rcc.o
 .ARM.attributes
                0x0000000000000224       0x2c d:/my downloads/applications/stm32cubeide_1.3.0/stm32cubeide/plugins/com.st.stm32cube.ide.mcu.externaltools.gnu-tools-for-stm32.7-2018-q2-update.win32_1.4.0.202007081208/tools/bin/../lib/gcc/arm-none-eabi/7.3.1/../../../../arm-none-eabi/lib/thumb/v6-m\libc_nano.a(lib_a-init.o)
 .ARM.attributes
                0x0000000000000250       0x2c d:/my downloads/applications/stm32cubeide_1.3.0/stm32cubeide/plugins/com.st.stm32cube.ide.mcu.externaltools.gnu-tools-for-stm32.7-2018-q2-update.win32_1.4.0.202007081208/tools/bin/../lib/gcc/arm-none-eabi/7.3.1/../../../../arm-none-eabi/lib/thumb/v6-m\libc_nano.a(lib_a-memset.o)
 .ARM.attributes
                0x000000000000027c       0x1e d:/my downloads/applications/stm32cubeide_1.3.0/stm32cubeide/plugins/com.st.stm32cube.ide.mcu.externaltools.gnu-tools-for-stm32.7-2018-q2-update.win32_1.4.0.202007081208/tools/bin/../lib/gcc/arm-none-eabi/7.3.1/thumb/v6-m\libgcc.a(_udivsi3.o)
 .ARM.attributes
                0x000000000000029a       0x1e d:/my downloads/applications/stm32cubeide_1.3.0/stm32cubeide/plugins/com.st.stm32cube.ide.mcu.externaltools.gnu-tools-for-stm32.7-2018-q2-update.win32_1.4.0.202007081208/tools/bin/../lib/gcc/arm-none-eabi/7.3.1/thumb/v6-m\libgcc.a(_dvmd_tls.o)
 .ARM.attributes
                0x00000000000002b8       0x1e d:/my downloads/applications/stm32cubeide_1.3.0/stm32cubeide/plugins/com.st.stm32cube.ide.mcu.externaltools.gnu-tools-for-stm32.7-2018-q2-update.win32_1.4.0.202007081208/tools/bin/../lib/gcc/arm-none-eabi/7.3.1/thumb/v6-m/crtn.o
OUTPUT(Sort and Save Scanner v01.1.elf elf32-littlearm)

.debug_info     0x0000000000000000     0x4860
 .debug_info    0x0000000000000000     0x128f Core/Src/main.o
 .debug_info    0x000000000000128f      0x80b Core/Src/stm32f0xx_hal_msp.o
 .debug_info    0x0000000000001a9a      0x1a2 Core/Src/stm32f0xx_it.o
 .debug_info    0x0000000000001c3c      0x29e Core/Src/system_stm32f0xx.o
 .debug_info    0x0000000000001eda       0x22 Core/Startup/startup_stm32f051r8tx.o
 .debug_info    0x0000000000001efc      0x6a8 Drivers/STM32F0xx_HAL_Driver/Src/stm32f0xx_hal.o
 .debug_info    0x00000000000025a4      0xc9f Drivers/STM32F0xx_HAL_Driver/Src/stm32f0xx_hal_adc.o
 .debug_info    0x0000000000003243      0x77a Drivers/STM32F0xx_HAL_Driver/Src/stm32f0xx_hal_cortex.o
 .debug_info    0x00000000000039bd      0x682 Drivers/STM32F0xx_HAL_Driver/Src/stm32f0xx_hal_gpio.o
 .debug_info    0x000000000000403f      0x821 Drivers/STM32F0xx_HAL_Driver/Src/stm32f0xx_hal_rcc.o

.debug_abbrev   0x0000000000000000      0xfdd
 .debug_abbrev  0x0000000000000000      0x24b Core/Src/main.o
 .debug_abbrev  0x000000000000024b      0x18c Core/Src/stm32f0xx_hal_msp.o
 .debug_abbrev  0x00000000000003d7       0xc6 Core/Src/stm32f0xx_it.o
 .debug_abbrev  0x000000000000049d      0x12b Core/Src/system_stm32f0xx.o
 .debug_abbrev  0x00000000000005c8       0x12 Core/Startup/startup_stm32f051r8tx.o
 .debug_abbrev  0x00000000000005da      0x1f2 Drivers/STM32F0xx_HAL_Driver/Src/stm32f0xx_hal.o
 .debug_abbrev  0x00000000000007cc      0x1cf Drivers/STM32F0xx_HAL_Driver/Src/stm32f0xx_hal_adc.o
 .debug_abbrev  0x000000000000099b      0x273 Drivers/STM32F0xx_HAL_Driver/Src/stm32f0xx_hal_cortex.o
 .debug_abbrev  0x0000000000000c0e      0x1c0 Drivers/STM32F0xx_HAL_Driver/Src/stm32f0xx_hal_gpio.o
 .debug_abbrev  0x0000000000000dce      0x20f Drivers/STM32F0xx_HAL_Driver/Src/stm32f0xx_hal_rcc.o

.debug_aranges  0x0000000000000000      0x468
 .debug_aranges
                0x0000000000000000       0x48 Core/Src/main.o
 .debug_aranges
                0x0000000000000048       0x30 Core/Src/stm32f0xx_hal_msp.o
 .debug_aranges
                0x0000000000000078       0x40 Core/Src/stm32f0xx_it.o
 .debug_aranges
                0x00000000000000b8       0x28 Core/Src/system_stm32f0xx.o
 .debug_aranges
                0x00000000000000e0       0x28 Core/Startup/startup_stm32f051r8tx.o
 .debug_aranges
                0x0000000000000108       0xd0 Drivers/STM32F0xx_HAL_Driver/Src/stm32f0xx_hal.o
 .debug_aranges
                0x00000000000001d8       0xf8 Drivers/STM32F0xx_HAL_Driver/Src/stm32f0xx_hal_adc.o
 .debug_aranges
                0x00000000000002d0       0xc0 Drivers/STM32F0xx_HAL_Driver/Src/stm32f0xx_hal_cortex.o
 .debug_aranges
                0x0000000000000390       0x58 Drivers/STM32F0xx_HAL_Driver/Src/stm32f0xx_hal_gpio.o
 .debug_aranges
                0x00000000000003e8       0x80 Drivers/STM32F0xx_HAL_Driver/Src/stm32f0xx_hal_rcc.o

.debug_ranges   0x0000000000000000      0x3d0
 .debug_ranges  0x0000000000000000       0x38 Core/Src/main.o
 .debug_ranges  0x0000000000000038       0x20 Core/Src/stm32f0xx_hal_msp.o
 .debug_ranges  0x0000000000000058       0x30 Core/Src/stm32f0xx_it.o
 .debug_ranges  0x0000000000000088       0x18 Core/Src/system_stm32f0xx.o
 .debug_ranges  0x00000000000000a0       0x20 Core/Startup/startup_stm32f051r8tx.o
 .debug_ranges  0x00000000000000c0       0xc0 Drivers/STM32F0xx_HAL_Driver/Src/stm32f0xx_hal.o
 .debug_ranges  0x0000000000000180       0xe8 Drivers/STM32F0xx_HAL_Driver/Src/stm32f0xx_hal_adc.o
 .debug_ranges  0x0000000000000268       0xb0 Drivers/STM32F0xx_HAL_Driver/Src/stm32f0xx_hal_cortex.o
 .debug_ranges  0x0000000000000318       0x48 Drivers/STM32F0xx_HAL_Driver/Src/stm32f0xx_hal_gpio.o
 .debug_ranges  0x0000000000000360       0x70 Drivers/STM32F0xx_HAL_Driver/Src/stm32f0xx_hal_rcc.o

.debug_macro    0x0000000000000000     0xd9b0
 .debug_macro   0x0000000000000000      0x2a9 Core/Src/main.o
 .debug_macro   0x00000000000002a9      0xa48 Core/Src/main.o
 .debug_macro   0x0000000000000cf1      0x12d Core/Src/main.o
 .debug_macro   0x0000000000000e1e       0x2e Core/Src/main.o
 .debug_macro   0x0000000000000e4c       0x22 Core/Src/main.o
 .debug_macro   0x0000000000000e6e       0x22 Core/Src/main.o
 .debug_macro   0x0000000000000e90       0x8e Core/Src/main.o
 .debug_macro   0x0000000000000f1e       0x51 Core/Src/main.o
 .debug_macro   0x0000000000000f6f       0xef Core/Src/main.o
 .debug_macro   0x000000000000105e       0x6a Core/Src/main.o
 .debug_macro   0x00000000000010c8      0x1df Core/Src/main.o
 .debug_macro   0x00000000000012a7       0x1c Core/Src/main.o
 .debug_macro   0x00000000000012c3       0x22 Core/Src/main.o
 .debug_macro   0x00000000000012e5       0xb5 Core/Src/main.o
 .debug_macro   0x000000000000139a      0x391 Core/Src/main.o
 .debug_macro   0x000000000000172b     0x8cdd Core/Src/main.o
 .debug_macro   0x000000000000a408       0x3c Core/Src/main.o
 .debug_macro   0x000000000000a444      0x174 Core/Src/main.o
 .debug_macro   0x000000000000a5b8       0x54 Core/Src/main.o
 .debug_macro   0x000000000000a60c      0x924 Core/Src/main.o
 .debug_macro   0x000000000000af30      0x251 Core/Src/main.o
 .debug_macro   0x000000000000b181      0x12f Core/Src/main.o
 .debug_macro   0x000000000000b2b0      0x114 Core/Src/main.o
 .debug_macro   0x000000000000b3c4      0x1a0 Core/Src/main.o
 .debug_macro   0x000000000000b564      0x1ed Core/Src/main.o
 .debug_macro   0x000000000000b751       0x34 Core/Src/main.o
 .debug_macro   0x000000000000b785       0x43 Core/Src/main.o
 .debug_macro   0x000000000000b7c8       0x28 Core/Src/main.o
 .debug_macro   0x000000000000b7f0      0x33d Core/Src/main.o
 .debug_macro   0x000000000000bb2d       0xd4 Core/Src/main.o
 .debug_macro   0x000000000000bc01       0xb0 Core/Src/main.o
 .debug_macro   0x000000000000bcb1      0x199 Core/Src/main.o
 .debug_macro   0x000000000000be4a      0x22c Core/Src/main.o
 .debug_macro   0x000000000000c076       0x60 Core/Src/main.o
 .debug_macro   0x000000000000c0d6       0xa5 Core/Src/main.o
 .debug_macro   0x000000000000c17b       0x4c Core/Src/main.o
 .debug_macro   0x000000000000c1c7      0x112 Core/Src/main.o
 .debug_macro   0x000000000000c2d9      0x114 Core/Src/main.o
 .debug_macro   0x000000000000c3ed       0xb8 Core/Src/main.o
 .debug_macro   0x000000000000c4a5       0x46 Core/Src/main.o
 .debug_macro   0x000000000000c4eb       0x18 Core/Src/main.o
 .debug_macro   0x000000000000c503       0x3c Core/Src/main.o
 .debug_macro   0x000000000000c53f       0x34 Core/Src/main.o
 .debug_macro   0x000000000000c573       0x52 Core/Src/main.o
 .debug_macro   0x000000000000c5c5       0x1f Core/Src/main.o
 .debug_macro   0x000000000000c5e4       0x43 Core/Src/main.o
 .debug_macro   0x000000000000c627       0x20 Core/Src/main.o
 .debug_macro   0x000000000000c647      0x1a3 Core/Src/main.o
 .debug_macro   0x000000000000c7ea      0x32a Core/Src/main.o
 .debug_macro   0x000000000000cb14       0x10 Core/Src/main.o
 .debug_macro   0x000000000000cb24       0x35 Core/Src/main.o
 .debug_macro   0x000000000000cb59       0x20 Core/Src/main.o
 .debug_macro   0x000000000000cb79       0x16 Core/Src/main.o
 .debug_macro   0x000000000000cb8f       0x16 Core/Src/main.o
 .debug_macro   0x000000000000cba5       0x29 Core/Src/main.o
 .debug_macro   0x000000000000cbce      0x1b4 Core/Src/stm32f0xx_hal_msp.o
 .debug_macro   0x000000000000cd82      0x1be Core/Src/stm32f0xx_it.o
 .debug_macro   0x000000000000cf40      0x1a5 Core/Src/system_stm32f0xx.o
 .debug_macro   0x000000000000d0e5      0x1c9 Drivers/STM32F0xx_HAL_Driver/Src/stm32f0xx_hal.o
 .debug_macro   0x000000000000d2ae      0x1c9 Drivers/STM32F0xx_HAL_Driver/Src/stm32f0xx_hal_adc.o
 .debug_macro   0x000000000000d477      0x1a5 Drivers/STM32F0xx_HAL_Driver/Src/stm32f0xx_hal_cortex.o
 .debug_macro   0x000000000000d61c      0x1dd Drivers/STM32F0xx_HAL_Driver/Src/stm32f0xx_hal_gpio.o
 .debug_macro   0x000000000000d7f9      0x1b7 Drivers/STM32F0xx_HAL_Driver/Src/stm32f0xx_hal_rcc.o

.debug_line     0x0000000000000000     0x57b9
 .debug_line    0x0000000000000000      0xa46 Core/Src/main.o
 .debug_line    0x0000000000000a46      0x816 Core/Src/stm32f0xx_hal_msp.o
 .debug_line    0x000000000000125c      0x83d Core/Src/stm32f0xx_it.o
 .debug_line    0x0000000000001a99      0x803 Core/Src/system_stm32f0xx.o
 .debug_line    0x000000000000229c       0x89 Core/Startup/startup_stm32f051r8tx.o
 .debug_line    0x0000000000002325      0x99f Drivers/STM32F0xx_HAL_Driver/Src/stm32f0xx_hal.o
 .debug_line    0x0000000000002cc4      0xd7c Drivers/STM32F0xx_HAL_Driver/Src/stm32f0xx_hal_adc.o
 .debug_line    0x0000000000003a40      0x9b7 Drivers/STM32F0xx_HAL_Driver/Src/stm32f0xx_hal_cortex.o
 .debug_line    0x00000000000043f7      0x962 Drivers/STM32F0xx_HAL_Driver/Src/stm32f0xx_hal_gpio.o
 .debug_line    0x0000000000004d59      0xa60 Drivers/STM32F0xx_HAL_Driver/Src/stm32f0xx_hal_rcc.o

.debug_str      0x0000000000000000    0x4dfc1
 .debug_str     0x0000000000000000    0x4cfa7 Core/Src/main.o
                                      0x4d298 (size before relaxing)
 .debug_str     0x000000000004cfa7       0x4e Core/Src/stm32f0xx_hal_msp.o
                                      0x4a044 (size before relaxing)
 .debug_str     0x000000000004cff5       0x76 Core/Src/stm32f0xx_it.o
                                      0x49c30 (size before relaxing)
 .debug_str     0x000000000004d06b       0x5f Core/Src/system_stm32f0xx.o
                                      0x499cd (size before relaxing)
 .debug_str     0x000000000004d0ca       0x36 Core/Startup/startup_stm32f051r8tx.o
                                         0x84 (size before relaxing)
 .debug_str     0x000000000004d100      0x4df Drivers/STM32F0xx_HAL_Driver/Src/stm32f0xx_hal.o
                                      0x49f07 (size before relaxing)
 .debug_str     0x000000000004d5df      0x393 Drivers/STM32F0xx_HAL_Driver/Src/stm32f0xx_hal_adc.o
                                      0x4a0cd (size before relaxing)
 .debug_str     0x000000000004d972      0x1ee Drivers/STM32F0xx_HAL_Driver/Src/stm32f0xx_hal_cortex.o
                                      0x49dbf (size before relaxing)
 .debug_str     0x000000000004db60      0x20d Drivers/STM32F0xx_HAL_Driver/Src/stm32f0xx_hal_gpio.o
                                      0x49c69 (size before relaxing)
 .debug_str     0x000000000004dd6d      0x254 Drivers/STM32F0xx_HAL_Driver/Src/stm32f0xx_hal_rcc.o
                                      0x49dd7 (size before relaxing)

.comment        0x0000000000000000       0x7b
 .comment       0x0000000000000000       0x7b Core/Src/main.o
                                         0x7c (size before relaxing)
 .comment       0x000000000000007b       0x7c Core/Src/stm32f0xx_hal_msp.o
 .comment       0x000000000000007b       0x7c Core/Src/stm32f0xx_it.o
 .comment       0x000000000000007b       0x7c Core/Src/system_stm32f0xx.o
 .comment       0x000000000000007b       0x7c Drivers/STM32F0xx_HAL_Driver/Src/stm32f0xx_hal.o
 .comment       0x000000000000007b       0x7c Drivers/STM32F0xx_HAL_Driver/Src/stm32f0xx_hal_adc.o
 .comment       0x000000000000007b       0x7c Drivers/STM32F0xx_HAL_Driver/Src/stm32f0xx_hal_cortex.o
 .comment       0x000000000000007b       0x7c Drivers/STM32F0xx_HAL_Driver/Src/stm32f0xx_hal_gpio.o
 .comment       0x000000000000007b       0x7c Drivers/STM32F0xx_HAL_Driver/Src/stm32f0xx_hal_rcc.o

.debug_frame    0x0000000000000000      0xe18
 .debug_frame   0x0000000000000000       0xc8 Core/Src/main.o
 .debug_frame   0x00000000000000c8       0x70 Core/Src/stm32f0xx_hal_msp.o
 .debug_frame   0x0000000000000138       0x9c Core/Src/stm32f0xx_it.o
 .debug_frame   0x00000000000001d4       0x4c Core/Src/system_stm32f0xx.o
 .debug_frame   0x0000000000000220      0x2a4 Drivers/STM32F0xx_HAL_Driver/Src/stm32f0xx_hal.o
 .debug_frame   0x00000000000004c4      0x3a0 Drivers/STM32F0xx_HAL_Driver/Src/stm32f0xx_hal_adc.o
 .debug_frame   0x0000000000000864      0x2a0 Drivers/STM32F0xx_HAL_Driver/Src/stm32f0xx_hal_cortex.o
 .debug_frame   0x0000000000000b04      0x110 Drivers/STM32F0xx_HAL_Driver/Src/stm32f0xx_hal_gpio.o
 .debug_frame   0x0000000000000c14      0x198 Drivers/STM32F0xx_HAL_Driver/Src/stm32f0xx_hal_rcc.o
 .debug_frame   0x0000000000000dac       0x2c d:/my downloads/applications/stm32cubeide_1.3.0/stm32cubeide/plugins/com.st.stm32cube.ide.mcu.externaltools.gnu-tools-for-stm32.7-2018-q2-update.win32_1.4.0.202007081208/tools/bin/../lib/gcc/arm-none-eabi/7.3.1/../../../../arm-none-eabi/lib/thumb/v6-m\libc_nano.a(lib_a-init.o)
 .debug_frame   0x0000000000000dd8       0x20 d:/my downloads/applications/stm32cubeide_1.3.0/stm32cubeide/plugins/com.st.stm32cube.ide.mcu.externaltools.gnu-tools-for-stm32.7-2018-q2-update.win32_1.4.0.202007081208/tools/bin/../lib/gcc/arm-none-eabi/7.3.1/../../../../arm-none-eabi/lib/thumb/v6-m\libc_nano.a(lib_a-memset.o)
 .debug_frame   0x0000000000000df8       0x20 d:/my downloads/applications/stm32cubeide_1.3.0/stm32cubeide/plugins/com.st.stm32cube.ide.mcu.externaltools.gnu-tools-for-stm32.7-2018-q2-update.win32_1.4.0.202007081208/tools/bin/../lib/gcc/arm-none-eabi/7.3.1/thumb/v6-m\libgcc.a(_udivsi3.o)
